// Jest Snapshot v1, https://goo.gl/fbAQLP

exports[`HelloWorld should render component with custom message 1`] = `
<Text>
  Good Morning!
</Text>
`;
